
Discarded input sections

 .text          0x00000000        0x0 ..\obj\startup_stm32f4xx.o
 .data          0x00000000        0x0 ..\obj\startup_stm32f4xx.o
 .bss           0x00000000        0x0 ..\obj\startup_stm32f4xx.o
 .text          0x00000000        0x0 ..\obj\main.o
 .data          0x00000000        0x0 ..\obj\main.o
 .bss           0x00000000        0x0 ..\obj\main.o
 .text          0x00000000        0x0 ..\obj\stm32f4xx_rcc.o
 .data          0x00000000       0x10 ..\obj\stm32f4xx_rcc.o
 .bss           0x00000000        0x0 ..\obj\stm32f4xx_rcc.o
 .text.RCC_DeInit
                0x00000000       0x38 ..\obj\stm32f4xx_rcc.o
 .text.RCC_HSEConfig
                0x00000000       0x10 ..\obj\stm32f4xx_rcc.o
 .text.RCC_WaitForHSEStartUp
                0x00000000       0x40 ..\obj\stm32f4xx_rcc.o
 .text.RCC_AdjustHSICalibrationValue
                0x00000000       0x18 ..\obj\stm32f4xx_rcc.o
 .text.RCC_HSICmd
                0x00000000        0xc ..\obj\stm32f4xx_rcc.o
 .text.RCC_LSEConfig
                0x00000000       0x20 ..\obj\stm32f4xx_rcc.o
 .text.RCC_LSICmd
                0x00000000        0xc ..\obj\stm32f4xx_rcc.o
 .text.RCC_PLLConfig
                0x00000000       0x24 ..\obj\stm32f4xx_rcc.o
 .text.RCC_PLLCmd
                0x00000000        0xc ..\obj\stm32f4xx_rcc.o
 .text.RCC_PLLI2SConfig
                0x00000000       0x14 ..\obj\stm32f4xx_rcc.o
 .text.RCC_PLLI2SCmd
                0x00000000        0xc ..\obj\stm32f4xx_rcc.o
 .text.RCC_ClockSecuritySystemCmd
                0x00000000        0xc ..\obj\stm32f4xx_rcc.o
 .text.RCC_MCO1Config
                0x00000000       0x18 ..\obj\stm32f4xx_rcc.o
 .text.RCC_MCO2Config
                0x00000000       0x18 ..\obj\stm32f4xx_rcc.o
 .text.RCC_SYSCLKConfig
                0x00000000       0x14 ..\obj\stm32f4xx_rcc.o
 .text.RCC_GetSYSCLKSource
                0x00000000       0x10 ..\obj\stm32f4xx_rcc.o
 .text.RCC_HCLKConfig
                0x00000000       0x14 ..\obj\stm32f4xx_rcc.o
 .text.RCC_PCLK1Config
                0x00000000       0x14 ..\obj\stm32f4xx_rcc.o
 .text.RCC_PCLK2Config
                0x00000000       0x18 ..\obj\stm32f4xx_rcc.o
 .text.RCC_GetClocksFreq
                0x00000000       0xb4 ..\obj\stm32f4xx_rcc.o
 .text.RCC_RTCCLKConfig
                0x00000000       0x38 ..\obj\stm32f4xx_rcc.o
 .text.RCC_RTCCLKCmd
                0x00000000        0xc ..\obj\stm32f4xx_rcc.o
 .text.RCC_BackupResetCmd
                0x00000000        0xc ..\obj\stm32f4xx_rcc.o
 .text.RCC_I2SCLKConfig
                0x00000000        0xc ..\obj\stm32f4xx_rcc.o
 .text.RCC_AHB1PeriphClockCmd
                0x00000000       0x1c ..\obj\stm32f4xx_rcc.o
 .text.RCC_AHB2PeriphClockCmd
                0x00000000       0x1c ..\obj\stm32f4xx_rcc.o
 .text.RCC_AHB3PeriphClockCmd
                0x00000000       0x1c ..\obj\stm32f4xx_rcc.o
 .text.RCC_APB1PeriphClockCmd
                0x00000000       0x1c ..\obj\stm32f4xx_rcc.o
 .text.RCC_APB2PeriphClockCmd
                0x00000000       0x1c ..\obj\stm32f4xx_rcc.o
 .text.RCC_AHB1PeriphResetCmd
                0x00000000       0x1c ..\obj\stm32f4xx_rcc.o
 .text.RCC_AHB2PeriphResetCmd
                0x00000000       0x1c ..\obj\stm32f4xx_rcc.o
 .text.RCC_AHB3PeriphResetCmd
                0x00000000       0x1c ..\obj\stm32f4xx_rcc.o
 .text.RCC_APB1PeriphResetCmd
                0x00000000       0x1c ..\obj\stm32f4xx_rcc.o
 .text.RCC_APB2PeriphResetCmd
                0x00000000       0x1c ..\obj\stm32f4xx_rcc.o
 .text.RCC_AHB1PeriphClockLPModeCmd
                0x00000000       0x1c ..\obj\stm32f4xx_rcc.o
 .text.RCC_AHB2PeriphClockLPModeCmd
                0x00000000       0x1c ..\obj\stm32f4xx_rcc.o
 .text.RCC_AHB3PeriphClockLPModeCmd
                0x00000000       0x1c ..\obj\stm32f4xx_rcc.o
 .text.RCC_APB1PeriphClockLPModeCmd
                0x00000000       0x1c ..\obj\stm32f4xx_rcc.o
 .text.RCC_APB2PeriphClockLPModeCmd
                0x00000000       0x1c ..\obj\stm32f4xx_rcc.o
 .text.RCC_ITConfig
                0x00000000       0x1c ..\obj\stm32f4xx_rcc.o
 .text.RCC_GetFlagStatus
                0x00000000       0x30 ..\obj\stm32f4xx_rcc.o
 .text.RCC_ClearFlag
                0x00000000       0x14 ..\obj\stm32f4xx_rcc.o
 .text.RCC_GetITStatus
                0x00000000       0x14 ..\obj\stm32f4xx_rcc.o
 .text.RCC_ClearITPendingBit
                0x00000000        0xc ..\obj\stm32f4xx_rcc.o
 .debug_info    0x00000000      0xdd6 ..\obj\stm32f4xx_rcc.o
 .debug_abbrev  0x00000000      0x2b6 ..\obj\stm32f4xx_rcc.o
 .debug_loc     0x00000000      0xbec ..\obj\stm32f4xx_rcc.o
 .debug_aranges
                0x00000000      0x178 ..\obj\stm32f4xx_rcc.o
 .debug_ranges  0x00000000      0x198 ..\obj\stm32f4xx_rcc.o
 .debug_line    0x00000000      0x63e ..\obj\stm32f4xx_rcc.o
 .debug_str     0x00000000      0x82f ..\obj\stm32f4xx_rcc.o
 .comment       0x00000000       0x71 ..\obj\stm32f4xx_rcc.o
 .ARM.attributes
                0x00000000       0x3b ..\obj\stm32f4xx_rcc.o
 .debug_frame   0x00000000      0x2e4 ..\obj\stm32f4xx_rcc.o
 .text          0x00000000        0x0 ..\obj\stm32f4xx_gpio.o
 .data          0x00000000        0x0 ..\obj\stm32f4xx_gpio.o
 .bss           0x00000000        0x0 ..\obj\stm32f4xx_gpio.o
 .text.GPIO_DeInit
                0x00000000      0x128 ..\obj\stm32f4xx_gpio.o
 .text.GPIO_Init
                0x00000000      0x150 ..\obj\stm32f4xx_gpio.o
 .text.GPIO_StructInit
                0x00000000       0x14 ..\obj\stm32f4xx_gpio.o
 .text.GPIO_PinLockConfig
                0x00000000       0x28 ..\obj\stm32f4xx_gpio.o
 .text.GPIO_ReadInputDataBit
                0x00000000        0xc ..\obj\stm32f4xx_gpio.o
 .text.GPIO_ReadInputData
                0x00000000        0x8 ..\obj\stm32f4xx_gpio.o
 .text.GPIO_ReadOutputDataBit
                0x00000000        0xc ..\obj\stm32f4xx_gpio.o
 .text.GPIO_ReadOutputData
                0x00000000        0x8 ..\obj\stm32f4xx_gpio.o
 .text.GPIO_SetBits
                0x00000000        0x4 ..\obj\stm32f4xx_gpio.o
 .text.GPIO_ResetBits
                0x00000000        0x4 ..\obj\stm32f4xx_gpio.o
 .text.GPIO_WriteBit
                0x00000000        0xc ..\obj\stm32f4xx_gpio.o
 .text.GPIO_Write
                0x00000000        0x4 ..\obj\stm32f4xx_gpio.o
 .text.GPIO_ToggleBits
                0x00000000        0x8 ..\obj\stm32f4xx_gpio.o
 .text.GPIO_PinAFConfig
                0x00000000       0x30 ..\obj\stm32f4xx_gpio.o
 .debug_info    0x00000000      0x81b ..\obj\stm32f4xx_gpio.o
 .debug_abbrev  0x00000000      0x22c ..\obj\stm32f4xx_gpio.o
 .debug_loc     0x00000000      0x439 ..\obj\stm32f4xx_gpio.o
 .debug_aranges
                0x00000000       0x88 ..\obj\stm32f4xx_gpio.o
 .debug_ranges  0x00000000       0x78 ..\obj\stm32f4xx_gpio.o
 .debug_line    0x00000000      0x468 ..\obj\stm32f4xx_gpio.o
 .debug_str     0x00000000      0x4a9 ..\obj\stm32f4xx_gpio.o
 .comment       0x00000000       0x71 ..\obj\stm32f4xx_gpio.o
 .ARM.attributes
                0x00000000       0x3b ..\obj\stm32f4xx_gpio.o
 .debug_frame   0x00000000      0x11c ..\obj\stm32f4xx_gpio.o
 .text          0x00000000        0x0 ..\obj\system_stm32f4xx.o
 .bss           0x00000000        0x0 ..\obj\system_stm32f4xx.o

Memory Configuration

Name             Origin             Length             Attributes
rom              0x08000000         0x00100000         xr
ram              0x20000000         0x00020000         xrw
ram1             0x10000000         0x00010000         xrw
*default*        0x00000000         0xffffffff

Linker script and memory map

                0x20020000                _eram = 0x20020000

.text           0x08000000      0x3ac
 *(.isr_vector .isr_vector.*)
 .isr_vector    0x08000000      0x188 ..\obj\startup_stm32f4xx.o
                0x08000000                g_pfnVectors
 *(.text .text.* .gnu.linkonce.t.*)
 .text.Default_Handler
                0x08000188        0x4 ..\obj\startup_stm32f4xx.o
                0x08000188                RTC_Alarm_IRQHandler
                0x08000188                HASH_RNG_IRQHandler
                0x08000188                EXTI2_IRQHandler
                0x08000188                TIM8_CC_IRQHandler
                0x08000188                DebugMon_Handler
                0x08000188                TIM1_CC_IRQHandler
                0x08000188                DMA2_Stream5_IRQHandler
                0x08000188                HardFault_Handler
                0x08000188                DMA1_Stream5_IRQHandler
                0x08000188                SysTick_Handler
                0x08000188                PVD_IRQHandler
                0x08000188                SDIO_IRQHandler
                0x08000188                TAMP_STAMP_IRQHandler
                0x08000188                PendSV_Handler
                0x08000188                NMI_Handler
                0x08000188                CAN2_RX1_IRQHandler
                0x08000188                EXTI3_IRQHandler
                0x08000188                TIM8_TRG_COM_TIM14_IRQHandler
                0x08000188                TIM1_UP_TIM10_IRQHandler
                0x08000188                TIM8_UP_TIM13_IRQHandler
                0x08000188                I2C3_ER_IRQHandler
                0x08000188                EXTI0_IRQHandler
                0x08000188                I2C2_EV_IRQHandler
                0x08000188                DMA1_Stream2_IRQHandler
                0x08000188                CAN1_RX0_IRQHandler
                0x08000188                FPU_IRQHandler
                0x08000188                OTG_HS_WKUP_IRQHandler
                0x08000188                UsageFault_Handler
                0x08000188                CAN2_SCE_IRQHandler
                0x08000188                DMA2_Stream2_IRQHandler
                0x08000188                SPI1_IRQHandler
                0x08000188                TIM6_DAC_IRQHandler
                0x08000188                TIM1_BRK_TIM9_IRQHandler
                0x08000188                DCMI_IRQHandler
                0x08000188                CAN2_RX0_IRQHandler
                0x08000188                DMA2_Stream3_IRQHandler
                0x08000188                USART6_IRQHandler
                0x08000188                USART3_IRQHandler
                0x08000188                CRYP_IRQHandler
                0x08000188                CAN1_RX1_IRQHandler
                0x08000188                UART5_IRQHandler
                0x08000188                DMA2_Stream0_IRQHandler
                0x08000188                TIM4_IRQHandler
                0x08000188                I2C1_EV_IRQHandler
                0x08000188                DMA1_Stream6_IRQHandler
                0x08000188                DMA1_Stream1_IRQHandler
                0x08000188                UART4_IRQHandler
                0x08000188                TIM3_IRQHandler
                0x08000188                RCC_IRQHandler
                0x08000188                TIM8_BRK_TIM12_IRQHandler
                0x08000188                EXTI15_10_IRQHandler
                0x08000188                ADC_IRQHandler
                0x08000188                DMA1_Stream7_IRQHandler
                0x08000188                TIM7_IRQHandler
                0x08000188                CAN2_TX_IRQHandler
                0x08000188                TIM5_IRQHandler
                0x08000188                DMA2_Stream7_IRQHandler
                0x08000188                I2C3_EV_IRQHandler
                0x08000188                EXTI9_5_IRQHandler
                0x08000188                RTC_WKUP_IRQHandler
                0x08000188                ETH_WKUP_IRQHandler
                0x08000188                SPI2_IRQHandler
                0x08000188                OTG_HS_EP1_IN_IRQHandler
                0x08000188                MemManage_Handler
                0x08000188                DMA1_Stream0_IRQHandler
                0x08000188                CAN1_TX_IRQHandler
                0x08000188                SVC_Handler
                0x08000188                EXTI4_IRQHandler
                0x08000188                FSMC_IRQHandler
                0x08000188                ETH_IRQHandler
                0x08000188                OTG_HS_EP1_OUT_IRQHandler
                0x08000188                WWDG_IRQHandler
                0x08000188                TIM2_IRQHandler
                0x08000188                OTG_FS_WKUP_IRQHandler
                0x08000188                TIM1_TRG_COM_TIM11_IRQHandler
                0x08000188                OTG_HS_IRQHandler
                0x08000188                EXTI1_IRQHandler
                0x08000188                USART2_IRQHandler
                0x08000188                I2C2_ER_IRQHandler
                0x08000188                DMA2_Stream1_IRQHandler
                0x08000188                CAN1_SCE_IRQHandler
                0x08000188                FLASH_IRQHandler
                0x08000188                DMA2_Stream4_IRQHandler
                0x08000188                BusFault_Handler
                0x08000188                USART1_IRQHandler
                0x08000188                OTG_FS_IRQHandler
                0x08000188                SPI3_IRQHandler
                0x08000188                DMA1_Stream4_IRQHandler
                0x08000188                I2C1_ER_IRQHandler
                0x08000188                DMA2_Stream6_IRQHandler
                0x08000188                DMA1_Stream3_IRQHandler
 .text.Default_Reset_Handler
                0x0800018c       0x80 ..\obj\startup_stm32f4xx.o
                0x0800018c                Default_Reset_Handler
                0x0800018c                Reset_Handler
 .text.startup.main
                0x0800020c       0x44 ..\obj\main.o
                0x0800020c                main
 .text.SystemInit
                0x08000250       0xd0 ..\obj\system_stm32f4xx.o
                0x08000250                SystemInit
 .text.SystemCoreClockUpdate
                0x08000320       0x8c ..\obj\system_stm32f4xx.o
                0x08000320                SystemCoreClockUpdate
 *(.glue_7t)
 .glue_7t       0x00000000        0x0 linker stubs
 *(.glue_7)
 .glue_7        0x00000000        0x0 linker stubs
 *(.rodata .rodata* .gnu.linkonce.r.*)

.vfp11_veneer   0x080003ac        0x0
 .vfp11_veneer  0x00000000        0x0 linker stubs

.v4_bx          0x080003ac        0x0
 .v4_bx         0x00000000        0x0 linker stubs

.iplt           0x080003ac        0x0
 .iplt          0x00000000        0x0 ..\obj\startup_stm32f4xx.o

.rel.dyn        0x080003ac        0x0
 .rel.iplt      0x00000000        0x0 ..\obj\startup_stm32f4xx.o

.ARM.extab
 *(.ARM.extab* .gnu.linkonce.armextab.*)
                0x080003ac                __exidx_start = .

.ARM.exidx
 *(.ARM.exidx* .gnu.linkonce.armexidx.*)
                0x080003ac                __exidx_end = .
                0x080003ac                . = ALIGN (0x4)
                0x080003ac                _etext = .
                0x080003ac                _sidata = .

.data           0x20000000       0x14 load address 0x080003ac
                0x20000000                _sdata = .
 *(.data .data.*)
 .data          0x20000000       0x14 ..\obj\system_stm32f4xx.o
                0x20000000                AHBPrescTable
                0x20000010                SystemCoreClock
                0x20000014                . = ALIGN (0x4)
                0x20000014                _edata = .

.igot.plt       0x20000014        0x0 load address 0x080003c0
 .igot.plt      0x00000000        0x0 ..\obj\startup_stm32f4xx.o

.bss            0x20000014        0x0
                0x20000014                _sbss = .
 *(.bss .bss.*)
 *(COMMON)
                0x20000014                . = ALIGN (0x4)
                0x20000014                _ebss = .

.co_stack       0x20000014      0x804 load address 0x080003c0
                0x20000018                . = ALIGN (0x8)
 *fill*         0x20000014        0x4 00
 *(.co_stack .co_stack.*)
 .co_stack      0x20000018      0x800 ..\obj\startup_stm32f4xx.o
                0x20000018                pulStack
                0x20000818                . = ALIGN (0x4)
                0x20000818                _end = .
LOAD ..\obj\startup_stm32f4xx.o
LOAD ..\obj\main.o
LOAD ..\obj\stm32f4xx_rcc.o
LOAD ..\obj\stm32f4xx_gpio.o
LOAD ..\obj\system_stm32f4xx.o
START GROUP
LOAD e:/utils/gcc-arm/bin/../lib/gcc/arm-none-eabi/4.7.3/armv7e-m\libgcc.a
LOAD e:/utils/gcc-arm/bin/../lib/gcc/arm-none-eabi/4.7.3/../../../../arm-none-eabi/lib/armv7e-m\libg.a
LOAD e:/utils/gcc-arm/bin/../lib/gcc/arm-none-eabi/4.7.3/../../../../arm-none-eabi/lib/armv7e-m\libc.a
END GROUP
OUTPUT(STM32Clocks.elf elf32-littlearm)

.debug_info     0x00000000      0xae3
 .debug_info    0x00000000      0x11b ..\obj\startup_stm32f4xx.o
 .debug_info    0x0000011b      0x401 ..\obj\main.o
 .debug_info    0x0000051c      0x5c7 ..\obj\system_stm32f4xx.o

.debug_abbrev   0x00000000      0x2e2
 .debug_abbrev  0x00000000       0xdc ..\obj\startup_stm32f4xx.o
 .debug_abbrev  0x000000dc       0xe5 ..\obj\main.o
 .debug_abbrev  0x000001c1      0x121 ..\obj\system_stm32f4xx.o

.debug_loc      0x00000000      0x158
 .debug_loc     0x00000000       0x20 ..\obj\startup_stm32f4xx.o
 .debug_loc     0x00000020       0x20 ..\obj\main.o
 .debug_loc     0x00000040      0x118 ..\obj\system_stm32f4xx.o

.debug_aranges  0x00000000       0x70
 .debug_aranges
                0x00000000       0x28 ..\obj\startup_stm32f4xx.o
 .debug_aranges
                0x00000028       0x20 ..\obj\main.o
 .debug_aranges
                0x00000048       0x28 ..\obj\system_stm32f4xx.o

.debug_ranges   0x00000000       0x40
 .debug_ranges  0x00000000       0x18 ..\obj\startup_stm32f4xx.o
 .debug_ranges  0x00000018       0x10 ..\obj\main.o
 .debug_ranges  0x00000028       0x18 ..\obj\system_stm32f4xx.o

.debug_line     0x00000000      0x582
 .debug_line    0x00000000       0xe7 ..\obj\startup_stm32f4xx.o
 .debug_line    0x000000e7      0x2ac ..\obj\main.o
 .debug_line    0x00000393      0x1ef ..\obj\system_stm32f4xx.o

.debug_str      0x00000000      0x57b
 .debug_str     0x00000000      0x143 ..\obj\startup_stm32f4xx.o
                                0x155 (size before relaxing)
 .debug_str     0x00000143      0x2ed ..\obj\main.o
                                0x385 (size before relaxing)
 .debug_str     0x00000430      0x14b ..\obj\system_stm32f4xx.o
                                0x36a (size before relaxing)

.comment        0x00000000       0x70
 .comment       0x00000000       0x70 ..\obj\startup_stm32f4xx.o
                                 0x71 (size before relaxing)
 .comment       0x00000000       0x71 ..\obj\main.o
 .comment       0x00000000       0x71 ..\obj\system_stm32f4xx.o

.ARM.attributes
                0x00000000       0x3b
 .ARM.attributes
                0x00000000       0x3b ..\obj\startup_stm32f4xx.o
 .ARM.attributes
                0x0000003b       0x3b ..\obj\main.o
 .ARM.attributes
                0x00000076       0x3b ..\obj\system_stm32f4xx.o

.debug_frame    0x00000000       0x94
 .debug_frame   0x00000000       0x3c ..\obj\startup_stm32f4xx.o
 .debug_frame   0x0000003c       0x28 ..\obj\main.o
 .debug_frame   0x00000064       0x30 ..\obj\system_stm32f4xx.o
